// Jest Snapshot v1, https://goo.gl/fbAQLP

exports[`Button snapshot render button 1`] = `
<button
  className="button"
  data-testid="searchButton"
  type="submit"
>
  Search
</button>
`;
